{
	a.txt: remote.s3Object<10cc17>,
	b.txt: remote.s3Object<27c9df>,
	sub/a.txt: remote.s3Object<3a7e86>
}